>AHTRNRHL A. hydrophila DNA for tRNA-Arg, tRNA-His, tRNA-Leu and tRNA-Pro
CGATGGAAAAACAAGCGGTTGATTCTGCGAGATAAAAAAATAGTAGACAA
GGTGGGTCCCCATCATTAATATTGCGCCCCGTTCGACAGCGTAGCGCCCG
TAGCTCAGCTGGATAGAGCGCTGCCCTCCGGAGGCAGAGGTCACAGGTTC
GAATCCTGTCGGGCGCACCATCAAAAGTGCGCCGGTTAAGCGGGCGAGTT
GAAGAACGAAAACAGCTGTGGTGGCTGTAGCTCAGTTGGTAGAGTCCCGG
ATTGTGATTCCGGTTGTCGTGGGTTCGAGCCCCATCAGCCACCCCATTTT
ACAGCTTGTCAGGTATGCGAAGGTGGCGGAATTGGTAGACGCGCTAGCTT
CAGGTGTTAGTGCCCCCCGGGTGTGAGGGTTCGAGTCCCTCTCTTCGCAC
CATACTTGCTGTATGACGAGGATGACCGTTCATGGTCGTCTTTGTGTTTT
GAAAAGAAAGCTTTTTTAAAGCCTCGGTGATTAGCGCAGCCCGGTAGCGC
ATCTGGTTTGGGACCAGAGGGTCAAAGGTTCGAATCCTTTATCACCGACC
ACATTCTGAAAAACCCCGCTCAGGCGGGGTTTTTTGCTTTCTGTCGTCTG
CCAGCCTGCTGCCGCAGGTTT
>ALTRNA11 A.laidlawii 23S rRNA, 5S rRNA, tRNA-Val, tRNA-Thr, tRNA-Lys, tRNA-Leu, tRNA-Ala, tRNA-Met (elongator), tRNA-Ile, tRNA-Ser, tRNA-Met (initiator), tRNA-Asp & tRNA-Phe genes
CAGTACTACAGCTGGGTAGCTATGTGCGGAAGGGATAAACGCTGAAAGCA
TCTAAGCGTGAAGCCCCCCTTAAGATGAGATTTCCCAATTAGTAAGACCC
CTCAAAGACTATGAGGTTGATAGGCCAGGTGTGTAAGTACAGCGATGTAT
TCAGCTTACTGGTACTAATAGGTCGAGGACTTAACCTTTCGTGATGATTC
GCATCACATTCTTTTCAGAGAAAATCATTTATCTAGTTTTGAGAGCATTA
TGTCTGGTGACGATGGCAAGATGGTTCCACCTGTTCCCATCCCGAACACA
GAAGTTAAGCATCTTAGCGCCGACGATAGTTATTACAATTAGCGAAAATA
GGACGTTGCCAGGCATATCATCTCAATTTTATACCATTTTTTGGAGGATT
AGCTCAGTTGGGAGAGCACCTGCCTTACAAGCAGGGGGTCGGCGGTTCAA
GCCCGTCATCCTCCACCACTTTACAAGCCGAAATAGCTCAATCGGTAGAG
CAACTGATTTGTAATCAGTAGGTTGCGGGTTCAATTCCTGTTTTCGGCAC
CACTACAATGTCCCGTTAGCTCAGGTGGTAGAGCACTTGACTTTTAATCA
AGGTGTCGATGGTTCGAGTCCATCACGGGACACCACTTTTATAATTTAAT
GCCCGGGTGGTGAAATCGGTAGACACGCAGGACTTAAAATCCTGTGGCAT
AAAAGCCATGTCGGTTCAAGTCCGACCCCGGGCACCACTAAAAAATTAAT
TAAATTGTTGGGGCTTTAGCTCAGCTGGGAGAGCGCCTGCCTTGCACGCA
GGAGGTCAGCGGTTCGATCCGCTAAGCTCCACCAGTTTACGATTTTAATC
AAGTATCAAAAAGTTTCTAACCAATATATGGCGGTGTAGCTCAGCTGGCT
AGAGCGTGCGGTTCATACCCGCAAGGTCGAGGGTTCAAGTCCCCCCGCCG
CTACCAGTACGGACCCGTAGCTCAGTTGGTTAGAGCTACCGGCTCATAAC
CGGTCGGTCGTTGGTTCGAGTCCAACCGGGTCCACCAGTATTAACTTTTA
AATAAACGTGGAGGAATACCCAAGAGGCTGAAGGGATCGGTCTTGAAAAC
CGACAGGGTGTAAAAGCCGCGGGGGTTCAAATCCCTCTTCCTCCGCCACT
ACAATTTTAAAACCAGTTATGGTATAATAACAACATATCGCGGGATAGAG
CAGTCTGGTAGCTCGTCGGGCTCATAACCCGAAGGTCGATGGTTCAAATC
CATCTCCCGCAACCAAATAAAATTTAAAACGGTCCGGTGGTGTAGGGGTT
AACATGCCTGCCTGTCACGCAGGAGATCGCGGGTTCAAATCCCGTCCGGA
CCGCCATTTTAGTGGCTCTGTAGCTCAGTCGGTAGAGCAGTGGCCTGAAG
AGCCTCGTGTCAGCCGGTTCGATTCCGCTTGGAGCCACCACTTATGAACT
TAGTAAAGTCTGTTAAATACAGGCTTTTTTTATTGTTTAAGTATAGAGTT
TTGGTATAATAGGTTTAAAATAAAGGGGAAAGTTATGAAA
>ALTRNAARG A.laidlawii tRNA-Arg gene
TTCACAATTTGAGTCATAAAAGGCTTTACATTCAGCAGTGAATAGGTTAT
AATAGTCATTGCTGAATAAGTGTGTCCGAATAGCTCAGCTGGATAGAGCA
ATAGCCTTCTAAGCTATCGGTCGGGGGTTCGAATCCCTCTTCGGACGCCA
TCATGGAATTAAATAATGCTACACTTCGGTGTGGCATTTTTTTATGCTTT
TGAAGTATTGTTGATATATGTTTGAAGTAGCATTGAGAAGGAAA
>ALTRNAASN A.laidlawii tRNA-Asn, 23S rRNA & 5SrRNA genes
CCAATTAGTAAGCCCCTCAAAGACTATGAGGTTGATAGGCCAGGTGTGTA
AGTACAGCGATGTATTCAGCTTACTGGTACTAATAGGTCGAGGACTTAAC
CTTTCGTGATGATTCGCATCACATTCTTTTCAGAGAAAATCATTTATCTA
GTTTTGAGAGCATTATGTCTGGTGACGATGGCAAGATGTTCCACCTGTTC
CCTACCCGAATATAGAAGTTAAGCATCTTAGCGCCGACGATAGTTATTAC
AATTAGCGAAAATAGGACGTTGCCAGGCATTTACTTTCTTAAATATTTTA
TATGTAGCTTAGTGTCACCCATGAATTATCAATTGTAAGCCTACTTAGCT
CAGTTGGTTAGAGCACCTGACTGTTAATCAGGGGGTCGCTGGTTCGAGTC
CAGCAGTGGGCGCCACTTTTTTTATAAATTAAAACTCACATGAACTGTGA
GTTTTTTATTTGTCTAAATATGGAGTAATTCATTGATTTTATCTAATAAA
TAAGGGTTAATTTCAAAGTTTCAACTAAAACTTCAACATTCATGCGCAGA
TTCCTTATTT
>ALTRNAGLY A.laidlawii tRNA-Gly gene
TTTTACCAAAGATTTGTGGTATAATTCTTACAAATGAATAAGTTAGAAAA
AAAGTAAATCTTTTTTGAAATAAGGCTTGACAAGTATGGATGCATTTGAT
ATCATAATAAAGCAACATGTCGGTGTCGTATATGGTTATTACAGGCCTTG
CCAAGGCTTAGACGGCAGTTCGATCCTGCTCACCGGCTCCAGTAAATAAT
AAACAAGTTCTCAAGTAAATGCTTGAGGACTTTTTTTATTTTCTTATAAC
TTAATTTGACTTAAAATTTCACCAACTTGA
>ALTRNAHGL A.laidlawii tRNA-His, tRNA-Gln & tRNA-Leu genes
ATCTTGCAATTACTTCCTTTCTTTTATATAATATCAAATATATCTTGTAA
AGGATATAAAAAACTTATTTTTCCGAAATTTTAACTTTACAAAATAAAAT
AAGTTGGTATAATAATACTTGCGCAAAGTATGGCGGTTGTGGCGAAGTGG
TTAACGCATCGGCTTGTGGCGCCGACACTCGGGGGTTCAATTCCCCTCGG
CCGCCCCATAATTGCGAATTAAATAAAATGTAGGCCCATAGCCAAGCGGT
AAGGCAACGGACTTTGACTCCGTCACTCGTAGGTTCAAATCCTGCTGGGC
CTGCCATTTTTATAAAGAAAGTCCACTATCCATGCGGGTGTGGCGAAATT
GGCAGACGCACTAGACTTAGGATCTAGCGCTTTACGGCATGCAGGTTCAA
GTCCTGTCACCCGCACCATATTGAATTGAAATGGTTTGATACAATTTGTA
TCAGACCTTTTTTGTATTTCGGGCGCTATTTATCATTACG
>ALTRNALEU A.laidlawii tRNA-Leu gene
CTCAGATTTAATTGATAAAAATAACAAAAAATTGAATAAAAAGTAGGCTT
ATGCCTGCTTATATCCCCGTGTGGCGAAATGGTAGACGCGCTTGACTCAA
AATCAAGTAGTGAAGACTGTGCTGGTTCGAGTCCGGTCACGGGGACCAAT
CTTAAAGTTAAAGTTTTTCGTGTCCCAACAAGGGATATGAAAAACTTTTG
TTTTAGTAACAGATGTTTCTTTAAAAAAGAGGTATAACCAATGAAAAAAC
AAGTGATTCAACGTACAGAGACCATTGATT
>ALTRNALYS A.laidlawii tRNA-Lys gene
CTTTTATTTTTGTTTGACAAATAAGTAAACTTGATATACAATGATAATGC
TTTATAAAAAATGCATCCATAGCTCAGTTGGTAGAGCAACAGACTCTTAA
TCTGTGGGTCCACGGTTCGAGCCCGTGTGGGTGTACCATTTATATATGAA
AAGGCCATTTGATGAACATATCAAATGGCCTTATTTTTTCGTTATTAAAA
TCAATAATTATTTTACTCTCTTACCTTTTTCATAGTATTTAGACGCCCAT
ATAACTATAGATTATTTTCCCATCTTCTAT
>ALTRNASG A.laidlawii tRNA-Ser & tRNA-Glu genes
TACATCAAATTAGTGATTGACAACTAGAATAAAATAAGTTAATATAATAA
GGCATGATTTAATTCATGCCTACAATGGAGCGATACTCAAGAGGCCGAAG
AGGGCGCACTGCTAACGCGTTAGACGGTTAACCCCGTGCGAGGGTTCAAA
TCCCTCTCGCTCCGCCATTGGCCCGTTGGAGAAACGGTTAACTCACATGC
CTTTCACGCATGCATTCACGGGTTCGAATCCCGTACGGGTCACCATTAAT
TATTGAAATACTCTTCTCACCCGTGGGAAGGTTTTTTTTCTAGACATTTA
TGTAGAGTTTTAAACTCATTAACAGATGTTCTAAGTTGAAAAAACTGAAT
>ALTRNW Acholeplasma laidlawii gene for tRNA-Trp
ATAATCTAATTTCTACACCTATAAGCGCTTATAACAGCCTAAAACACATA
ATTTAATAAAATTAAGTTTTCAATGATATGATTTGTTCATTTTCAATTGA
AAACTTAATTTTGTTATGCTATACTAATAAGGCGTGAACGGGGGCATGGT
GTCAACGGTAGCACACAGGTCTCCAAAACCTTTAGTGTGGGTTCGAATCC
TGCTGCCCTCGCCATCTAATAATAAGCAATGTTGCATACATGCAGCATTT
TTTTTATACACTCGACTATATGCTCTTCTTGCAATAATAGTCTAATTAGG
TTTTTAGTCTAAATCATGCTATAATGAAAAAAGAAAGAGGTGAACAACTA
>ANLCAA Anacystis nidulans Leu-tRNA-CAA.
GGGCAAGTGGCGGAATTGGTAGACGCAGCAGACTCAAAATCTGCCGCTAG
CGATAGTGTGTGGGTTCGAGTCCCACCTTGCCCACCA
>ANMF Anacystis nidulans initiator Met-tRNA-f.
CGCGGGGTAGAGCAGCCTGGTAGCTCGTCGGGCTCATAACCCGAAGGTCA
GAGGTTCAAATCCTCTCCCCGCCACCA
>BSG1 B.subtilis Gly-tRNA-1.
GCGGGTGTAGTTTAGTGGTAAAACCTCAGCCTTCCAAGCTGATGTCGTGA
GTTCGATTCTCATCACCCGCTCCA
>BSMF B.subtilis initiator Met-tRNA-f.
CGCGGGGTGGAGCAGTTCGGTAGCTCGTCGGGCTCATAACCCGAAGGTCG
CAGGTTCAAATCCTGCCCCCGCAACCA
>BSMM B.subtilis Met-tRNA-m.
GGCGGTGTAGCTCAGCGGCTAGAGCGTACGGTTCATACCCGTGAGGTCGG
GGGTTCGATCCCCTCCGCCGCTACCA
>BSTRLC B.stearothermophilus Leu-tRNA-CAA.
GCCGATGTGGCGGAATTGGCAGACGCGCACGACTCAAAATCGTGTGGGCT
TTGCCCGTGTGGGTTCGACTCCCACCATCGGCACCA
>BSTRN Bacillus sp. strain PS3 genes for tRNA-Asn, tRNA-Ser, tRNA-Glu, tRNA-Val, tRNA-Met and tRNA-Asp.
GAATTCAAGAAGCAGTCTCGTTCCTTGAAAACTAGATAACCGATAAAGCA
AAGGAAGAAGCCGAGAGCGCGATAGGTTAAGCTGGAAAGGGCGCACGGTG
GATGCCTTGGCACTAGGAGCCGATGAAGGACGGGGCAAACGCCGAAACGC
TTCGGGGAGCTGTAAGCAAGCGTTGATCCGGAGATGTCCGAATGGGGGAA
CCCACTGTCCGTAATGGGGCAGTATCCATGCCTGAATCCATAGGGCGTGG
AGGGCACACCCGGGGAACTGAAACATCTTAGTACCCGGAGAGAAGAAAGC
AACCGCGATTCCCTGAGTAGCGGCGAGCGAAACGGGAACAGCCCAAACCA
AGAGGCGAGTCCTCTTGGGGTTGTAGGACCGCTCACGATGGGAGTGAGAA
AGGGACGGGGTAGACGAACCGGTCTGGAACGGCCGGCCAGAGAAGGTGAG
AGCCCTGTAGTCGAAACTTCGTTCCCTCCCGAGCGGATCCTGAGTACGGC
GGGACACGAGGAATCCCGTCGGAAGCAGGGAGGACCATCTCCCAAGGCTA
AATACTCCCTAGTGACCGATAGTGCACCAGTACCGTGAGGGAAAGGTGAA
AAGCACCCCGGGAGGGGAGTGAAAGAGAACCTGAAACCGTGTGCCTACAA
GTAGTCAGAGCCCGTTGATGGGTGATGGCGTGCCTTTTGTAGAATGAACC
GGCGAGTGACGATGGCGTGCGAGGTTAAGCCGAAGAGGCGGAGCCGCAGC
GAAAGCGAGTCTGAACAGGGCGTGTGAGTACGTCGTCGTCGACCCGAAAC
CAGGTGATCTACCCATGTCCAGGGTGAAGGCCGGGTAACACCGGCTGGAG
GCCGAACCCACGCACGTTGAAAAGTGCGGGGATGAGGTGTGGGTAGGGGT
GAAATGCCAATCGAACTTGGAGATAGCTGGTTCTCCCCGAAATAGCTTTA
GGGCTAGCCTCGGGTTTAGGAGTCTTGGAGGTAGAGCACTGATTGGGCTA
GGGGCCAAACCGGGTTACCGAACCCAGTCAAACTCCGAATGCCAATGACT
TATGCCCGGGAGTCAGACTGCGAGTGATAAGATCCGTGGTCGAGAGGGGA
ACAGCCCAGACCGCCAGCTAAGGCCCCGAAGTGCACGTTCAGTGGAAAAG
GATGTGGAGTTGCCGAGACAACCAGGATGTTGGCTTAGAAGCAGCCACCA
TTTAAAGAGTGCGTAATAGCTCACTGGTCGAGTGACTCTGCGCCGAAAAT
GTACCGGGGCTAAACGTGCCGCCGAAGCTGCGGGATGACCGTTGGTCATC
GGTAGGGGAGCGTTCTAAGGGCAGAGAAGCCAGACCGGAAGACTGGTGGA
GCGCTTAGAAGTGAGAATGCCGGTATGAGTAGCGAAAACAGAGGTGAGAA
TCCTCTGCGCCGAAAGCCTAAGGGTTCCTGAGGAAGGTTCGTCCGCTCAG
GGTTAGTCGGGACCTAAGCCGAGGCCGAAACGTAGGTGATGGACAACAGG
TTGAGATTCCTGTACCACCTTCTTCCCGTTTGAGCGATGGGGGGACGCAG
GAGGATAGGGCGAGCAGGCGGCTGGAAGAGCCTGTCCAAGCCGTGACGTG
ATCCGCAGGCAAATCCGCGGATCATAAGGCCAAGCGGTGACGGCGACGGA
GTATCCGGAAGTCCCCGATTTCACACTGCCAAGAAAAGCCTCTAGCGAGG
GAAGAGGTGCCCGTACCGCAAACCGACACAGGTAGGCGAGGAGAGAATCC
TAAGGCGCGCGGGAGAACTCTCGTTAAGGAACTCGGCAAAATGACCCCGT
AACTTCGGGAGAAGGGGTGCTCTTTTGGGTGAAGAGCCCTGAAGAGCCGC
AGTGAAAAGGCCCAAGCGACTGTTTATCAAAAACACAGGTCTCTGCGAAG
CCGAAAGGCGACGTATAGGGGCTGACACCTGCCCGGTGCTGGAAGGTTAA
GGGGAGCGCTTAGCGGAAGCGAAGGTGCGAACCGAAGCCCCAGTAAACGG
CGGCCGTAACTATAACGGTCCTAAGGTAGCGAAATTCCTTGTCGGGTAAG
TTCCGACCCGCACGAAAGGTGTAACGACTTGGGCGCTGTCTCAACGAGAG
ACCCGGTGAAATTATACTACCTGTGAAGATGCAGGTTACCCGCGACAGGA
CGGAAAGACCCCGTGGAGCTTTACTGCAGCCTGATATGGAATTTTGGTAT
CGCTTGTACAGGATAGGTGGGAGCCTGGGAAGCCGGAGCGCCAGCTTCGG
TGGAGGCGGCGGTGGGATACCACCCTGGCGGTATTGAAATTCTAACCCGC
ACCCCTTAGCGGGGTGGGAGACAGTGTCAGGTGGGCAGTTTGACTGGGGC
GGTCGCCTCCCAAAAGGTAACGGAGGCGCCCAAAGGTTCCCTCAGAATGG
TTGGAAATCATTCGGAGAGTGCAAAGGCACAAGGGAGCTTGACTGCGAGA
CGGACAGGTCGAGCAGGGACGAAAGTCGGGCTTAGTGATCCGGTGGTTCC
GCATGGAAGGGCCATCGCTCAACGGATAAAAGCTACCCCGGGGATAACAG
GCTGATCTCCCCCAAGAGTCCACATCGACGGGGAGGTTTGGCACCTCGAT
GTCGGCTCATCGCATCCTGGGGCTGTAGTCGGTCCCAAGGGTTGGGCTGT
TCGCCATTAAAGCGGTACGAGCTGGGTTCAGAACGTCGTGAGACAGTTCG
GTCCCTATCCGTCGCGGGCGGAGGAAATTTGAGAGGAGCTGTCCTTAGTA
CGAGAGGACCGGGATGGACGCACCGCTGGTGTACCAGTTGTCCCGCCAGC
ACCGCTGGGTAGCTATGTGCGGACGGGATAAGCGCTGAAAGCATCTAAGC
GTGAAGCCCCCCTCAAGATGAGATTTCCCACCGCGCAAACGGTAAGATCC
CTCGAAGATGACGAGGTCGATAGGTCCGAGGTGGAAGCGTGGTGACACGT
GGAGCTGACGGATACTAATCGATCGAGGGCTTAACCAAGAAAAGCGCAGG
CGAGCGGCTTCTTCCAACGGTTATCTAGTTTTGAAGGAATGAAAAAACTC
TTGACAGCTCAGTGACGAGCATTTGCATCATCGGATGAACTGCGAGTTGC
CTCGACGCATCCAGCTTCTTTGAATCGGCTGGCAGAGGAAGAGGCAGGAC
ATCTTGTTGGGAGAATTGACCGTCGTTATGATCCGCAGTAGCTCAGTGGT
AGAGCAATCGGCTGTTAACCGATTGGTCGCAGGTTCGAATCCTGCCTGCG
GAGCCATCGTGGAGAGCTGTCCGAGTGGTCGAAGGAGCACGATTGGAAAT
CGTGTAGGCGTGAATAGCGCCTCAAGGGTTCGAATCCCTTGCTCTCCGCC
ATGATCCATCAGCATGGCCCGTTGGTCAAGTGGTTAAGACACCGCCCTTT
CACGGCGGTAACACGGGTTCGAATCCGTACGGGTCACTTCTTTGTGGAGG
ATTAGCTCAGCTGGGAGAGCACTTGCCTTACAAGCAAGGGGTCGGCGGTT
CGATCCCGTCATCCTCCACCATCTTAATATAAAAGCTGACTTGCTTTCTC
ATTCATCGCGAGTTGTCCCGACGCATCCAGCATCTTTGAATCAACTTGTA
GAGGAAGAGGCAACGGACAACAACACCAAAAGCATTGTGAATATCAACTT
ACTTTCTTATCATCGCGGGGTGGGGCAACGAGCCTTTGCTTCATCGAATC
CGCTTCGAGTTGCCTCGACGCACCGAGCATCTTTGAATCAGCTGGCAGAG
GAAGAGGCAATAAATATTTAAACCGATACTCAGTGTATGATCGAAATAAG
TTCATTTTCTATCGTCGCGGGGTGGAGCAGTCCGGTAGCTCGTCGGGCTC
ATAACCCGAAGGTCGCAGGTTCAAATCCTGCCCCCGCAACCAAAATTGGT
CCCGTAGTGTAGTGGTTAACATGCCTGCCTGTCACGCAGGAGATCGCGGG
TTCGATGCCGTCGGGACCGCCATTCTTTCAAAATTGTGAAAGATGAAAAA
TACGGCTCAGCAGCTCATTCGGTAGAGACGAGATCCGCTTCATCGAATTC
>BSTRNA1 Bacillus subtilis genes for tRNA-Lys(UUU), tRNA-Glu (UUC), tRNA-Asp (GUC) and tRNA-Phe (GAA)
AAAAAAGTTATTGCCACTTCTATTTGTTCGTGATATTATAAATCTCGTTG
TTACGGAAACTGCTTCAATAGAGTACAAGATGAGAACTAGATTTAAGTCG
TTTGCTCTATAGAAATTCCGACATCTTTATGAGCCATTAGCTCAGTTGGT
AGAGCATCTGACTTTTAATCAGAGGGTCGAAGGTTCGAGTCCTTCATGGC
TCACCATTTCGTGAAGGCCCGTTGGTCAAGCGGTTAAGACACCGCCCTTT
CACGGCGGTAACACGGGTTCGAATCCCGTACGGGTCATTGATTTACTTTA
GCGTTATTGCTAAATTCCTTATTTGTCTGTGAGAGCTGACACGACAGCTC
TCCGGGCAATTACTGTAAGGTCCGGTAGTTCAGTTGGTTAGAATGCCTGC
CTGTCACGCAGGAGGTCGCGGGTTCGAGTCCCGTCCGGACCGCCATTTTA
CTTTACTGTGGAAAATAAAACATTTGGCTCGGTAGCTCAGTTGGTAGAGC
AACGGACTGAAAATCCGTGTGTCGGCGGTTCGATTCCGTCCCGAGCCACT
TACCAAACGCATCTGCAATCGTAGGTGCGTTTTTTCTTTTAGGAAAAAGG
CAAACATGAGGAGTGTTATAATAGAAGAAAAAGGGAGAACCGGCCCTGCG
GCCGGTTCAAAGAAGAAGACGTCATTGATAAAGACGCACTCCGGTGAGGG
GAGGTTTCAATAAAGTTATCTTTTTTAAAAAAAGT
>BSV1 B.subtilis Val-tRNA-1.
GGAGGATTAGCTCAGCTGGGAGAGCATCTGCCTTACAAGCAGAGGGTCGG
CGGTTCGAGCCCGTCATCCTCCACCA
total seq = 19
