>BASUA01_000010 D ATG TAG 410 1750 Valid dnaA 1341 1 410 1750 | initiation of chromosome replication (DNA synthesis) .
MENILDLWNQALAQIEKKLSKPSFETWMKSTKAHSLQGDTLTITAPNEFA
RDWLESRYLHLIADTIYELTGEELSIKFVIPQNQDVEDFMPKPQVKKAVK
EDTSDFPQNMLNPKYTFDTFVIGSGNRFAHAASLAVAEAPAKAYNPLFIY
GGVGLGKTHLMHAIGHYVIDHNPSAKVVYLSSEKFTNEFINSIRDNKAVD
FRNRYRNVDVLLIDDIQFLAGKEQTQEEFFHTFNTLHEESKQIVISSDRP
PKEIPTLEDRLRSRFEWGLITDITPPDLETRIAILRKKAKAEGLDIPNEV
MLYIANQIDSNIRELEGALIRVVAYSSLINKDINADLAAEALKDIIPSSK
PKVITIKEIQRVVGQQFNIKLEDFKAKKRTKSVAFPRQIAMYLSREMTDS
SLPKIGEEFGGRDHTTVIHAHEKISKLLADDEQLQQHVKEIKEQLKX
>BASUA01_000020 D ATG TAA 1939 3075 Valid dnaN 1137 1 1939 3075 | DNA synthesis DNA polymerase III (beta subunit) .
MKFTIQKDRLVESVQDVLKAVSSRTTIPILTGIKIVASDDGVSFTGSDSD
ISIESFIPKEEGDKEIVTIEQPGSIVLQARFFSEIVKKLPMATVEIEVQN
QYLTIIRSGKAEFNLNGLDADEYPHLPQIEEHHAIQIPTDLLKNLIRQTV
FAVSTSETRPILTGVNWKVEQSELLCTATDSHRLALRKAKLDIPEDRSYN
VVIPGKSLTELSKILDDNQELVDIVITETQVLFKAKNVLFFSRLLDGNYP
DTTSLIPQDSKTEIIVNTKEFLQAIDRASLLAREGRNNVVKLSAKPAESI
EISSNSPEIGKVVEAIVADQIEGEELNISFSPKYMLDALKVLEGAEIRVS
FTGAMRPFLIRTPNDETIVQLILPVRTYX
>BASUA01_000030 D ATG TAA 3206 3421 Valid yaaA 216 1 3206 3421 | unknown .
MANPISIDTEMITLGQFLKLADVIQSGGMAKWFLSEHEVLVNDEPDNRRG
RKLYVGDVVEIEGFGSFQVVNX
>BASUA01_000040 D TTG TGA 3437 4549 Valid recF 1113 1 3437 4549 | DNA repair and genetic recombination .
LYIQNLELTSYRNYDHAELQFENKVNVIIGENAQGKTNLMEAIYVLSMAK
SHRTSNDKELIRWDKDYAKIEGRVMKQNGAIPMQLVISKKGKKGKVNHIE
QQKLSQYVGALNTIMFAPEDLNLVKGSPQVRRRFLDMEIGQVSPVYLHDL
SLYQKILSQRNHFLKQLQTRKQTDRTMLDVLTDQLVEVAAKVVVKRLQFT
AQLEKWAQPIHAGISRGLEELTLKYHTALDVSDPLDLSKIGDSYQEAFSK
LREKEIERGVTLSGPHRDDVLFYVNGRDVQTYGSQGQQRTTALSLKLAEI
DLIHEEIGEYPILLLDDVLSELDDYRQSHLLHTIQGRVQTFVTTTSVDGI
DHETLRQAGMFRVQNGALVKX
>BASUA01_000050 D TTG TAG 4567 4725 Valid yaaB 159 1 4567 4725 | unknown .
LYIHLGDDFVVSTRDIVGIFDFKANMSPIVEEFLKKQKHKVVPSVNARPN
LSX
>BASUA01_000060 D ATG TAA 4866 6782 Valid gyrB 1917 1 4866 6782 | initation of replication cycle and DNA elongation DNA gyrase (subunit B) .
MEQQQNSYDENQIQVLEGLEAVRKRPGMYIGSTNSKGLHHLVWEIVDNSI
DEALAGYCTDINIQIEKDNSITVVDNGRGIPVGIHEKMGRPAVEVIMTVL
HAGGKFDGSGYKVSGGLHGVGASVVNALSTELDVTVHRDGKIHRQTYKRG
VPVTDLEIIGETDHTGTTTHFVPDPEIFSETTEYDYDLLANRVRELAFLT
KGVNITIEDKREGQERKNEYHYEGGIKSYVEYLNRSKEVVHEEPIYIEGE
KDGITVEVALQYNDSYTSNIYSFTNNINTYEGGTHEAGFKTGLTRVINDY
ARKKGLIKENDPNLSGDDVREGLTAIISIKHPDPQFEGQTKTKLGNSEAR
TITDTLFSTAMETFMLENPDAAKKIVDKGLMAARARMAAKKARELTRRKS
ALEISNLPGKLADCSSKDPSISELYIVEGDSAGGSAKQGRDRHFQAILPL
RGKILNVEKARLDKILSNNEVRSMITALGTGIGEDFNLEKARYHKVVIMT
DADVDGAHIRTLLLTFFYRYMRQIIENGYVYIAQPPLYKVQQGKRVEYAY
NDKELEELLKTLPQTPKPGLQRYKGLGEMNATQLWETTMDPSSRTLLQVT
LEDAMDADETFEMLMGDKVEPRRNFIEANARYVKNLDIX
>BASUA01_000070 D ATG TGA 6993 9458 Valid gyrA 2466 1 6993 9458 | initation of replication cycle and DNA elongation DNA gyrase (subunit A) .
MSEQNTPQVREINISQEMRTSFLDYAMSVIVSRALPDVRDGLKPVHRRIL
YAMNDLGMTSDKPYKKSARIVGEVIGKYHPHGDSAVYESMVRMAQDFNYR
YMLVDGHGNFGSVDGDSAAAMRYTEARMSKISMEILRDITKDTIDYQDNY
DGSEREPVVMPSRFPNLLVNGAAGIAVGMATNIPPHQLGEIIDGVLAVSE
NPDITIPELMEVIPGPDFPTAGQILGRSGIRKAYESGRGSITIRAKAEIE
QTSSGKERIIVTELPYQVNKAKLIEKIADLVRDKKIEGITDLRDESDRTG
MRIVIEIRRDANANVILNNLYKQTALQTSFGINLLALVDGQPKVLTLKQC
LEHYLDHQKVVIRRRTAYELRKAEARAHILEGLRVALDHLDAVISLIRNS
QTAEIARTGLIEQFSLTEKQAQAILDMRLQRLTGLEREKIEEEYQSLVKL
IAELKDILANEYKVLEIIREELTEIKERFNDERRTEIVTSGLETIEDEDL
IERENIVVTLTHNGYVKRLPASTYRSQKRGGKGVQGMGTNEDDFVEHLIS
TSTHDTILFFSNKGKVYRAKGYEIPEYGRTAKGIPIINLLEVEKGEWINA
IIPVTEFNAELYLFFTTKHGVSKRTSLSQFANIRNNGLIALSLREDDELM
GVRLTDGTKQIIIGTKNGLLIRFPETDVREMGRTAAGVKGITLTDDDVVV
GMEILEEESHVLIVTEKGYGKRTPAEEYRTQSRGGKGLKTAKITENNGQL
VAVKATKGEEDLMIITASGVLIRMDINDISITGRVTQGVRLIRMAEEEHV
ATVALVEKNEEDENEEEQEEVX
>BASUA01_000130 C ATG TAA 14845 15792 Valid yaaC 948 1 14845 15792 | unknown .
MTYHEWKDLALFYSVESTQKFLEKVYILNGINDAKKNSFKNSERFIYFLK
HAESFYKQAAYSPLEIKPILLFYGMAQLIKACLITRDPHYPSHTSVLAHG
VTTRKRKKQNYCFSDDEVKIQRNGLCVHFMKHLFGQSDIVDERYTMKKLL
MAIPELSDIFYFQQKERFMTKVEKDKNEIFVPEEVVINYKMSDSRFAEYM
SHHYQWSFTKKNEHGLLFEISPQDKEPWTSTSLLFDMEKNQYYIPSQREQ
FLRLPEMTIHYLILYNVGMIARYETEWWYELLTQHISDDYVLIQQFLLVS
EKKFPKYASQFLLHFX
>BASUA01_000140 D ATG TAA 15913 17379 Valid guaB 1467 1 15913 17379 | GMP biosynthesis inositol-monophosphate dehydrogenase .
MWESKFSKEGLTFDDVLLVPAKSEVLPRDVDLSVELTKTLKLNIPVISAG
MDTVTESAMAIAMARQGGLGIIHKNMSIEQQAEQVDKVKRSERGVITNPF
FLTPDHQVFDAEHLMGKYRISGVPIVNNEEDQKLVGIITNRDLRFISDYS
MKISDVMTKEELVTASVGTTLDEAEKILQKHKIEKLPLVDDQNKLKGLIT
IKDIEKVIEFPNSSKDIHGRLIVGAAVGVTGDTMTRVKKLVEANVDVIVI
DTAHGHSQGVLNTVTKIRETYPELNIIAGNVATAEATRALIEAGADVVKV
GIGPGSICTTRVVAGVGVPQITAIYDCATEARKHGKTIIADGGIKFSGDI
TKALAAGGHAVMLGSLLAGTSESPGETEIYQGRRFKVYRGMGSVAAMEKG
SKDRYFQEENKKFVPEGIEGRTPYKGPVEETVYQLVGGLRSGMGYCGSKD
LRALREEAQFIRMTGAGLRESHPHDVQITKESPNYTISX
>BASUA01_000150 D TTG TAA 17532 18863 Valid dacA 1332 1 17532 18863 | peptidoglycan biosynthesis D-alanyl-D-alanine carboxypeptidase (penicillin-binding protein 5) .
LNIKKCKQLLMSLVVLTLAVTCLAPMSKAKAASDPIDINASAAIMIEASS
GKILYSKNADKRLPIASMTKMMTEYLLLEAIDQGKVKWDQTYTPDDYVYE
ISQDNSLSNVPLRKDGKYTVKELYQATAIYSANAAAIAIAEIVAGSETKF
VEKMNAKAKELGLTDYKFVNATGLENKDLHGHQPEGTSVNEESEVSAKDM
AVLADHLITDYPEILETSSIAKTKFREGTDDEMDMPNWNFMLKGLVSEYK
KATVDGLKTGSTDSAGSCFTGTAERNGMRVITVVLNAKGNLHTGRFDETK
KMFDYAFDNFSMKEIYAEGDQVKGHKTISVDKGKEKEVGIVTNKAFSLPV
KNGEEKNYKAKVTLNKDNLTAPVKKGTKVGKLTAEYTGDEKDYGFLNSDL
AGVDLVTKENVEKANWFVLTMRSIGGFFAGIWGSIVDTVTGWFX
>BASUA01_000160 D ATG TAA 19060 19944 Valid yaaD 885 1 19060 19944 | unknown .
MAQTGTERVKRGMAEMQKGGVIMDVINAEQAKIAEEAGAVAVMALERVPA
DIRAAGGVARMADPTIVEEVMNAVSIPVMAKARIGHIVEARVLEAMGVDY
IDESEVLTPADEEFHLNKNEYTVPFVCGCRDLGEATRRIAEGASMLRTKG
EPGTGNIVEAVRHMRKVNAQVRKVVAMSEDELMTEAKNLGAPYELLLQIK
KDGKLPVVNFAAGGVATPADAALMMQLGADGVFVGSGIFKSDNPAKFAKA
IVEATTHFTDYKLIAELSKELGTAMKGIEISNLLPEQRMQERGWX
>BASUA01_000170 D ATG TAA 19966 20556 Valid yaaE 591 1 19966 20556 | unknown .
MLTIGVLGLQGAVREHIHAIEACGAAGLVVKRPEQLNEVDGLILPGGEST
TMRRLIDTYQFMEPLREFAAQGKPMFGTCAGLIILAKEIAGSDNPHLGLL
NVVVERNSFGRQVDSFEADLTIKGLDEPFTGVFIRAPHILEAGENVEVLS
EHNGRIVAAKQGQFLGCSFHPELTEDHRVTQLFVEMVEEYKQKALVX
>BASUA01_000180 D ATG TAA 20878 22155 Valid serS 1278 1 20878 22155 | seryl-tRNA synthetase .
MLDTKMLRANFQEIKAKLVHKGEDLTDFDKFEALDDRRRELIGKVEELKG
KRNEVSQQVAVLKREKKDADHIIKEMREVGEEIKKLDEELRTVEAELDTI
LLSIPNIPHESVPVGETEDDNVEVRKWGEKPSFAYEPKPHWDIADELGIL
DFERAAKVTGSRFVFYKGLGARLERALYNFMLDLHVDEYNYTEVIPPYMV
NRASMTGTGQLPKFEEDAFKIREEDYFLIPTAEVPITNMHRDEILSGDSL
PINYAAFSACFRSEAGSAGRDTRGLIRQHQFNKVELVKFVKPEDSYEELE
KLTNQAERVLQLLELPYRVMSMCTGDLGFTAAKKYDIEVWIPSQDTYREI
SSCSNFEAFQARRANIRFRREAKGKPEHVHTLNGSGLAVGRTVAAILENY
QQEDGSVVIPKVLRPYMGNREVMKPX
>BASUA01_000200 C ATG TGA 22494 23147 Valid yaaF 654 1 22494 23147 | unknown .
MKEHHIPKNSIITVAGTVGVGKSTLTKTLAKRLGFKTSLEEVDHNPYLEK
FYHDFERWSFHLQIYFLAERFKEQKTIFEAGGGFVQDRSIYEDTGIFAKM
HADKGTMSKVDYKTYTSLFEAMVMTPYFPHPDVLIYLEGDLENILNRIEQ
RGREMELQTSRSYWEEMHTRYENWISGFNACPVLKLRIEDYDLLNDENSI
ENIVDQIASVIHDNQKKX
>BASUA01_000210 C ATG TGA 23144 23767 Valid yaaG 624 1 23144 23767 | unknown .
MNTAPFIAIEGPIGAGKTTLATMLSQKFGFPMINEIVEDNPYLDKFYDNI
KEWSFQLEMFFLCHRYKQLEDTSDHFLKKGQPVIADYHIYKNVIFAERTL
SPHQLEKYKKIYHLLTDDLPKPNFIIYIKASLPTLLHRIEKRGRPFEKKI
ETSYLEQLISDYEVAIKQLQEADPELTVLTVDGDSKDFVLNKSDFERIAA
HVKELIVX
>BASUA01_000220 C GTG TAA 23866 25149 Valid yaaH 1284 1 23866 25149 | unknown .
VVKQGDTLSAIASQYRTTTNDITETNEIPNPDSLVVGQTIVIPIAGQFYD
VKRGDTLTSIARQFNTTAAELARVNRIQLNTVLQIGFRLYIPPAPKRDIE
SNAYLEPRGNQVSENLQQAAREASPYLTYLGAFSFQAQRNGTLVAPPLTN
LRSITESQNTTLMMIITNLENQAFSDELGRILLNDETVKRRLLNEIVENA
RRYGFRDIHFDFEYLRPQDREAYNQFLREARDLFHREGLEISTALAPKTS
ATQQGRWYEAHDYRAHGEIVDFVVLMTYEWGYSGGPPQAVSPIGPVRDVI
EYALTEMPANKIVMGQNLYGYDWTLPYTAGGTPARAVSPQQAIVIADQNN
ASIQYDQTAQAPFFRYTDAENRRHEVWFEDARSIQAKFNLIKELNLRGIS
YWKLGLSFPQNWLLLSDQFNVVKKTFRX
>BASUA01_000230 C TTG TAA 25219 25764 Valid yaaI 546 1 25219 25764 | unknown .
LSKADKALLIVDMINNFEFDMGETLAKKTEKIVPHILSLKEHARQNEWPI
IYINDHYGLWQADIKNIQQECTNERSKDIITKIAPVDADYFLIKPKHSAF
YETALHTLLTELQVRHIIITGIAGNICVLFTANDAYMREYSITIPKDCIA
SNSDEDNEFALTMMENVLFAEITTEEQIIEKX
>BASUA01_000240 D ATG TAG 25850 26335 Valid yaaJ 486 1 25850 26335 | unknown .
MTQDELYMKEAIKEAKKAEEKGEVPIGAVLVINGEIIARAHNLRETEQRS
IAHAEMLVIDEACKALGTWRLEGATLYVTLEPCPMCAGAVVLSRVEKVVF
GAFDPKGGCSGTLMNLLQEERFNHQAEVVSGVLEEECGGMLSAFFRELRK
KKKAARKNLSEX
>BASUA01_000250 D GTG TAA 26812 28503 Valid dnaX 1692 1 26812 28503 | DNA synthesis DNA polymerase III (gamma and tau subunits) .
VSYQALYRVFRPQRFEDVVGQEHITKTLQNALLQKKFSHAYLFSGPRGTG
KTSAAKIFAKAVNCEHAPVDEPCNECAACKGITNGSISDVIEIDAASNNG
VDEIRDIRDKVKFAPSAVTYKVYIIDEVHMLSIGAFNALLKTLEEPPEHC
IFILATTEPHKIPLTIISRCQRFDFKRITSQAIVGRMNKIVDAEQLQVEE
GSLEIIASAADGGMRDALSLLDQAISFSGDILKVEDALLITGAVSQLYIG
KLAKSLHDKNVSDALETLNELLQQGKDPAKLIEDMIFYFRDMLLYKTAPG
LEGVLEKVKVDETFRELSEQIPAQALYEMIDILNKSHQEMKWTNHPRIFF
EVAVVKICQTSHQSAADLPEVDMLMKKIQQLEQEVERLKTTGIKAAAESP
KKEAPRVPKGGKSNYKAPVGRIHEILKEATRPDLDLLRNSWGKLLAHLKQ
QNKVSHAALLNDSEPVAAGSAAFVLKFKYEIHCKMVAEDNNGVRTNLEQI
LESMLGKRMDLIGVPEAQWGKIREEFLEDHQQANEGSNEPAEEDPLIAEA
KKLVGADLIEIKDX
>BASUA01_000260 D ATG TAG 28527 28850 Valid yaaK 324 1 28527 28850 | unknown .
MRGGMGNMQKMMKQMQKMQKDMAKAQEELAEKVVEGTAGGGMVTVKANGQ
KEILDVIIKEEVVDPEDIDMLQDLVLAATNEALKKVDEITNETMGQFTKG
MNMPGLFX
>BASUA01_000270 D ATG TAA 28865 29461 Valid recR 597 1 28865 29461 | DNA repair and genetic recombination .
MQYPEPISKLIDSFMKLPGIGPKTAVRLAFFVLGMKEDVVLDFAKALVNA
KRNLTYCSVCGHITDQDPCYICEDTRRDKSVICVVQDPKDVIAMEKMKEY
NGQYHVLHGAISPMDGIGPEDIKIPELLKRLQDDQVTEVILATNPNIEGE
ATAMYISRLLKPSGIKLSRIAHGLPVGGDLEYADEVTLSKALEGRRELX
>BASUA01_000280 D ATG TAA 29479 29703 Valid yaaL 225 1 29479 29703 | unknown .
MGFLRKKTLRREFDEKLTEQLFKQKEEWNRQKKLVEKSLEPSAEVLYELK
VAEAKYFFYLREAKQRNLKISRWKX
>BASUA01_000290 D ATG TAA 29770 30033 Valid bofA 264 1 29770 30033 | inhibitor of the pro-sigma-K processing machinery integral membrane protein .
MEPIFIIGIILGLVILLFLSGSAAKPLKWIGITAVKFVAGALLLVCVNMF
GGSLCIHVPINLVTTAISGILGIPGIAALVVIKQFIIX
>BASUA01_000350 D ATG TAG 35529 35723 Valid csfB 195 1 35529 35723 | unknown .
MDETVKLNHTCVICDQEKNRGIHLYTKFICLDCERKVISTSTSDPDYAFY
VKKLKSIHTPPLYSX
>BASUA01_000360 D ATG TAA 35843 36457 Valid xpaC 615 1 35843 36457 | hydrolysis of 5-bromo 4-chloroindolyl phosphate (X-phos) .
MQRFFHFLVWSLTSSATFVFIGILSFFGLNQSIFLSIVYGLASGAAVYIA
GIWNARRLFLKKHELTGREYAYIKKNLEEARQKMVRLRKALFQAKSIQMF
KQNAEMLRIVRRIYLLTKKEPKRFYQAERFFYQTLDSVVELTEKYAFLSS
HPKKSKELSMSLSETRITLTELTKRLEEDLTQAMGDEIDELQFELDAAKH
SLKKX
>BASUA01_000370 D ATG TGA 36476 37636 Valid yaaN 1161 1 36476 37636 | unknown .
MNRDQSDLHIDELLADPFGGNIEIPGSEAVKAEKEQVRLVDVLPEENKEK
AIQLAGQIDHKNMQSIVLYGSQAQSKLLNFSHDMINHVQKKDVGEIGEIL
GELMKKLEQVNPDDLQSKKKGFLARMFGRVSSSLQEVLSKYQKTSVQIDR
ISLKLEHSKNALISDNKLLEQLYEKNKEYFAALNVYIAAGELKLEELKTK
TIPELKQQAESSDHNQMAVQEVNDLIQFADRLDKRVHDLLLSRQITIQSA
PQIRLIQNTNQALAEKIQSSIVTAIPLWKNQVAIALTLLRQRNAVDAQQK
VSDTTNELLLKNAELLKTNTIETARANERGLVDIDTLKKVQESLISTLEE
TLTIQEEGRIKRRQAEEELMMMEGDLKQKLITIKERX
>BASUA01_000380 D ATG TGA 37718 39160 Valid yaaO 1443 1 37718 39160 | unknown .
MNTPLYKALIQHARRNSHSFHVPGHHNGDVFFDDAKSIFDPLLTIDVTEL
AGLDDLHHPSGVIKEAQELASQLYGSAESFFLVNGTTVGNLAMILSVCEP
GDTILVQRNCHKSVFHAVDLSGAEPVYLAPDVDSAMHVPTHVPLGTIKEA
LEAYPDAKGLVLTNPTYYGHSADLTEIITEAHHYGIPVLVDEAHGAHFIL
GEPFPVSALKMGADIVVQSAHKTLPAMTMGSYLHLNSSCRINRDRVAEYL
NRLQSSSPSYPIMASLDIARAYVQHIIEEQKLSDILQRIETLKQTFDSLT
NAEAVNPANPLIITDPLKLTIRSKRGHSGYTLQSILERANIFTELADENQ
VLLVLPLGGKRRINAEIIRSIDEEIEKTPPDQTFVSAEWGVQPVTVLPYP
KKVLHSFKKEYVSFEEAAGRLNAEDIIPYPPGIPMIMAGERITKESVQKL
SRLISMKTHVQGNMKIKEKQLLVYIEEEKSX
>BASUA01_000390 D ATG TGA 39157 39795 Valid tmk 639 1 39157 39795 | thymidylate kinase .
MSGLFITFEGPEGAGKTTVLQEIKNILTAEGLQVMATREPGGIDIAEQIR
EVILNENNILMDPKTEALLYAAARRQHLVEKVKPALEQGFIVLCDRFIDS
PLAYQGYARGLGIDEVLSINEFAIGDMMPHVTVYFSIDPEEGLKRIYANG
SREKNRLDLEKLDFHTKVQEGYQELMKRFPERFHSVDAGQSKDLVVQDVL
KVIDEALKKIQLX
>BASUA01_000400 D ATG TAA 39869 40198 Valid yaaQ 330 1 39869 40198 | unknown .
MKLIVAVVQDQDSNRLLKTLTDHNFRVTKLATTGGFLKSGNTTFMIGVED
IRVNKALSLIKENGQKRDQMIAPVSPMGGNADSYVPYPVEVEVGGATVFV
LPVDEFHQFX
>BASUA01_000410 D GTG TAG 40211 40651 Valid yaaR 441 1 40211 40651 | unknown .
VKINKDIRTFIDNKQIPSVKTSEITASFKTSMENQSSKMKLDQLTRLLSD
IEAFGKRLTKSRNFKDLARFKGLVKRFVKEAVDSGLSHETSKSFDLYGNS
RTLGLVKEIDDKLIQLTEEMMDQEKPAIDLLERIGEIKGLLINLYTX
>BASUA01_000420 D ATG TAA 40663 41652 Valid holB 990 1 40663 41652 | DNA polymerase III (delta' subunit) .
MAISWKEMNELQPRVMKLLYNSIEKDRLSHAYLFEGKKGTGKLDAALLLA
KSFFCLEGGAEPCESCRNCKRIESGNHPDLHLVQPDGLSIKKAQIQALQE
EFSKTGLESHKKLYIISHADQMTANAANSLLKFLEEPNKDTMAVLITEQP
QRLLDTIISRCQTLPFQPLQPKAIEDRLIEQDVSPHMARLLANMTNNVAE
AVELSRNDEFAESRAKVIKLYEVLHQRKGHAFFFIQDQWMPFFKEKTHQE
MGLDMLLLIYRDVLSIQIGNEDKLIYQDLF
